Microchip MPLAB XC8 Compiler V3.00

Linker command line:

-W-3 \
  --edf=C:/Users/jeiss/.mchp_packs/Microchip/PIC18F-K_DFP/1.15.303/xc8\pic\dat\20250324170814_en.msgs \
  -cn -h+dist/default/production\12.X.production.sym \
  --cmf=dist/default/production\12.X.production.cmf -z -Q18F45K22 \
  -oC:\Users\jeiss\AppData\Local\Temp\xcAs4v0.\driver_tmp_3.o \
  --defsym=__MPLAB_BUILD=1 --fixupoverflow=error \
  -Mdist/default/production/12.X.production.map \
  --md=C:\Users\jeiss\AppData\Local\Temp\xcAs4v0.\driver_tmp_0.dat -E1 \
  -ver=XC8 Compiler -ACODE=00h-07FFFh -ACONST=00h-07FFFh \
  -ASMALLCONST=0600h-06FFhx122 -AMEDIUMCONST=0600h-07FFFh -ACOMRAM=01h-05Fh \
  -AABS1=00h-05FFh -ABIGRAM=01h-05FFh -ARAM=060h-0FFh,0100h-01FFhx5 \
  -ABANK0=060h-0FFh -ABANK1=0100h-01FFh -ABANK2=0200h-02FFh \
  -ABANK3=0300h-03FFh -ABANK4=0400h-04FFh -ABANK5=0500h-05FFh \
  -ASFR=0F38h-0F5Fh,0F60h-0FFFh -ABIGSFR=0F38h-0FFFh \
  -ACONFIG=0300000h-030000Dh -AIDLOC=0200000h-0200007h \
  -AEEDATA=0F00000h-0F000FFh -peeprom_data=EEDATA \
  -preset_vec=00h,intcode=8h,intcodelo=18h,sivt_lo,sivt_hi=CODE \
  -ppowerup=CODE,init -pramtop=0600h -psmallconst=SMALLCONST \
  -pmediumconst=MEDIUMCONST -pconst=CONST -AFARRAM=00h-00h \
  -prdata=COMRAM,nvrram=COMRAM,nvbit=COMRAM,rbss=COMRAM,rbit=COMRAM \
  -pfarbss=FARRAM,fardata=FARRAM,nvFARRAM=FARRAM \
  -pintsave_regs=BIGRAM,bigbss=BIGRAM,bigdata=BIGRAM -pbss=RAM \
  -pidata=CODE,irdata=CODE,ibigdata=CODE,ifardata=CODE -prparam=COMRAM \
  C:\Users\jeiss\AppData\Local\Temp\xcAs4v0.\driver_tmp_14.o \
  dist/default/production\12.X.production.o 

Object code version is 3.11

Machine type is 18F45K22



                Name                               Link     Load   Length Selector   Space Scale
C:\Users\jeiss\AppData\Local\Temp\xcAs4v0.\driver_tmp_14.o
                idloc                            200000   200000        8        0       5
                config                           300000   300000        E        0       4
                init                               7FFC     7FFC        4     3FFE       0
                reset_vec                             0        0        4        0       0
dist/default/production\12.X.production.o
                idloc                            200000   200000        8        0       5
                config                           300000   300000        E        0       4
                smallconst                          600      600       42      300       0
                text38                             2AD2     2AD2       72      321       0
                text37                             2F42     2F42       2C      321       0
                text36                             2F6E     2F6E       28      321       0
                text35                             1026     1026      4B6      321       0
                text34                             1902     1902      390      321       0
                text33                             2276     2276      1B4      321       0
                text32                             20B0     20B0      1C6      321       0
                text31                             300A     300A       16      321       0
                text30                             3034     3034       14      321       0
                text29                             3020     3020       14      321       0
                text28                             2FDA     2FDA       1A      321       0
                text27                             2E1A     2E1A       40      321       0
                text26                             2FF4     2FF4       16      321       0
                text25                             2D06     2D06       4E      321       0
                text24                             2C08     2C08       58      321       0
                text23                             2DDA     2DDA       40      321       0
                text22                             2BAA     2BAA       5E      321       0
                text21                             2FBA     2FBA       20      321       0
                text20                             2984     2984       AA      321       0
                text19                             26D8     26D8      104      321       0
                text18                             14DC     14DC      426      321       0
                text17                             2F0A     2F0A       38      321       0
                text16                             2D54     2D54       46      321       0
                text15                             25D2     25D2      106      321       0
                text14                             27DC     27DC       FE      321       0
                text13                             1C92     1C92      212      321       0
                text12                             2C60     2C60       56      321       0
                text11                             2CB6     2CB6       50      321       0
                text10                             3048     3048        2      321       0
                text9                              28DA     28DA       AA      321       0
                text8                              2D9A     2D9A       40      321       0
                text7                              2B44     2B44       66      321       0
                text6                              2E98     2E98       3A      321       0
                text5                               642      642      9E4      321       0
                text4                              2A2E     2A2E       A4      321       0
                text3                              1EA4     1EA4      20C      321       0
                text2                              2E5A     2E5A       3E      321       0
                text1                              2ED2     2ED2       38      321       0
                text0                              242A     242A      1A8      321       0
                cstackCOMRAM                          1        1       5D        1       1
                cstackBANK0                          60       60       68       60       1
                bssBANK1                            100      100       50      100       1
                bssBANK0                             C8       C8        C       60       1
                bssCOMRAM                            5E       5E        1        1       1
                cinit                              2F96     2F96       24      321       0

TOTAL           Name                               Link     Load   Length     Space
        CLASS   CODE           
                init                               7FFC     7FFC        4         0
                reset_vec                             0        0        4         0
                text38                             2AD2     2AD2       72         0
                text37                             2F42     2F42       2C         0
                text36                             2F6E     2F6E       28         0
                text35                             1026     1026      4B6         0
                text34                             1902     1902      390         0
                text33                             2276     2276      1B4         0
                text32                             20B0     20B0      1C6         0
                text31                             300A     300A       16         0
                text30                             3034     3034       14         0
                text29                             3020     3020       14         0
                text28                             2FDA     2FDA       1A         0
                text27                             2E1A     2E1A       40         0
                text26                             2FF4     2FF4       16         0
                text25                             2D06     2D06       4E         0
                text24                             2C08     2C08       58         0
                text23                             2DDA     2DDA       40         0
                text22                             2BAA     2BAA       5E         0
                text21                             2FBA     2FBA       20         0
                text20                             2984     2984       AA         0
                text19                             26D8     26D8      104         0
                text18                             14DC     14DC      426         0
                text17                             2F0A     2F0A       38         0
                text16                             2D54     2D54       46         0
                text15                             25D2     25D2      106         0
                text14                             27DC     27DC       FE         0
                text13                             1C92     1C92      212         0
                text12                             2C60     2C60       56         0
                text11                             2CB6     2CB6       50         0
                text10                             3048     3048        2         0
                text9                              28DA     28DA       AA         0
                text8                              2D9A     2D9A       40         0
                text7                              2B44     2B44       66         0
                text6                              2E98     2E98       3A         0
                text5                               642      642      9E4         0
                text4                              2A2E     2A2E       A4         0
                text3                              1EA4     1EA4      20C         0
                text2                              2E5A     2E5A       3E         0
                text1                              2ED2     2ED2       38         0
                text0                              242A     242A      1A8         0
                cinit                              2F96     2F96       24         0

        CLASS   CONST          

        CLASS   SMALLCONST     
                smallconst                          600      600       42         0

        CLASS   MEDIUMCONST    

        CLASS   COMRAM         
                cstackCOMRAM                          1        1       5D         1
                bssCOMRAM                            5E       5E        1         1

        CLASS   ABS1           

        CLASS   BIGRAM         

        CLASS   RAM            

        CLASS   BANK0          
                cstackBANK0                          60       60       68         1
                bssBANK0                             C8       C8        C         1

        CLASS   BANK1          
                bssBANK1                            100      100       50         1

        CLASS   BANK2          

        CLASS   BANK3          

        CLASS   BANK4          

        CLASS   BANK5          

        CLASS   SFR            

        CLASS   BIGSFR         

        CLASS   CONFIG         
                config                           300000   300000        E         4

        CLASS   IDLOC          
                idloc                            200000   200000        8         5

        CLASS   EEDATA         

        CLASS   FARRAM         

        CLASS   HEAP           

        CLASS   STACK          



SEGMENTS        Name                           Load    Length   Top    Selector   Space  Class

                reset_vec                      000000  000004  000004         0       0  CODE    
                cstackCOMRAM                   000001  00005E  00005F         1       1  COMRAM  
                cstackBANK0                    000060  000074  0000D4        60       1  BANK0   
                bssBANK1                       000100  000050  000150       100       1  BANK1   
                smallconst                     000600  000042  000642       300       0  SMALLCON
                text5                          000642  002A08  00304A       321       0  CODE    
                init                           007FFC  000004  008000      3FFE       0  CODE    


UNUSED ADDRESS RANGES

        Name                Unused          Largest block    Delta
        BANK0            0000D4-0000FF               2C
        BANK1            000150-0001FF               B0
        BANK2            000200-0002FF              100
        BANK3            000300-0003FF              100
        BANK4            000400-0004FF              100
        BANK5            000500-0005FF              100
        BIGRAM           00005F-00005F                1
                         0000D4-0000FF               2C
                         000150-0005FF              4B0
        BIGSFR           000F38-000FFF               C8
        CODE             000004-0005FF              5FC
                         00304A-007FFB             4FB2
        COMRAM           00005F-00005F                1
        CONST            000004-0005FF              5FC
                         00304A-007FFB             4FB2
        EEDATA           F00000-F000FF              100
        MEDIUMCONST      00304A-007FFB             4FB2
        RAM              0000D4-0000FF               2C
                         000150-0005FF              100
        SFR              000F38-000FFF               28
        SMALLCONST       00304A-007FFB              100

                                  Symbol Table

?_DHT11_Read_Byte           cstackCOMRAM 000001
?_DHT11_Read_Data           cstackCOMRAM 000038
?___fladd                   cstackCOMRAM 000028
?___fldiv                   cstackCOMRAM 00000F
?___flmul                   cstackCOMRAM 000001
?___flneg                   cstackCOMRAM 000001
?___flsub                   cstackCOMRAM 000038
?___fltol                   cstackCOMRAM 000001
?___fpclassifyf             cstackCOMRAM 000001
?___xxtofl                  cstackCOMRAM 000001
?_floorf                    cstackCOMRAM 000028
?_labs                      cstackCOMRAM 000001
?_read_prec_or_width        cstackCOMRAM 000001
?_sprintf                   cstackCOMRAM 000056
?_vfprintf                  cstackCOMRAM 000052
DHT11_Read_Byte@data        cstackCOMRAM 000003
DHT11_Read_Byte@i           cstackCOMRAM 000005
DHT11_Read_Data@hum         cstackCOMRAM 000039
DHT11_Read_Data@i           cstackCOMRAM 000048
DHT11_Read_Data@info        cstackCOMRAM 00003E
DHT11_Read_Data@sum         cstackCOMRAM 00003C
DHT11_Read_Data@tem         cstackCOMRAM 000038
I2C_Init_Master@brg         cstackCOMRAM 000001
I2C_Write@data              cstackCOMRAM 000001
Lcd_Cmd@cmd                 cstackCOMRAM 000002
Lcd_Cmd@hi                  cstackCOMRAM 000003
Lcd_Cmd@lo                  cstackCOMRAM 000004
Lcd_Set_Cursor@addr         cstackCOMRAM 000007
Lcd_Set_Cursor@col          cstackCOMRAM 000006
Lcd_Set_Cursor@row          cstackCOMRAM 000005
Lcd_Write_Char@c            cstackCOMRAM 000002
Lcd_Write_Char@hi           cstackCOMRAM 000003
Lcd_Write_Char@lo           cstackCOMRAM 000004
Lcd_Write_String@str        cstackCOMRAM 000005
_ANSELA                     (abs)        000F38
_ANSELB                     (abs)        000F39
_ANSELC                     (abs)        000F3A
_ANSELD                     (abs)        000F3B
_DHT11_Read_Byte            text38       002AD2
_DHT11_Read_Data            text32       0020B0
_DHT11_Response             text37       002F42
_DHT11_Start                text36       002F6E
_I2C_Init_Master            text31       00300A
_I2C_Start                  text30       003034
_I2C_Stop                   text29       003020
_I2C_Write                  text28       002FDA
_LATAbits                   (abs)        000F89
_LATD2                      (abs)        007C62
_LATD3                      (abs)        007C63
_Lcd_Clear                  text26       002FF4
_Lcd_Cmd                    text27       002E1A
_Lcd_Init                   text25       002D06
_Lcd_Set_Cursor             text24       002C08
_Lcd_Write_Char             text23       002DDA
_Lcd_Write_String           text22       002BAA
_OSCCONbits                 (abs)        000FD3
_OSCTUNEbits                (abs)        000F9B
_OSC_Init                   text21       002FBA
_PIR1bits                   (abs)        000F9E
_PORTAbits                  (abs)        000F80
_SSP1ADD                    (abs)        000FC8
_SSP1BUF                    (abs)        000FC9
_SSP1CON1                   (abs)        000FC6
_SSP1CON2                   (abs)        000FC5
_SSP1CON2bits               (abs)        000FC5
_SSP1STAT                   (abs)        000FC7
_TRISAbits                  (abs)        000F92
_TRISCbits                  (abs)        000F94
_TRISD2                     (abs)        007CAA
_TRISD3                     (abs)        007CAB
__HRAM                      (abs)        000000
__H__absolute__             __absolute__ 000000
__Habs1                     abs1         000000
__Hbank0                    bank0        000000
__Hbank1                    bank1        000000
__Hbank2                    bank2        000000
__Hbank3                    bank3        000000
__Hbank4                    bank4        000000
__Hbank5                    bank5        000000
__Hbigbss                   bigbss       000000
__Hbigdata                  bigdata      000000
__Hbigram                   bigram       000000
__Hbigsfr                   bigsfr       000000
__Hbss                      bss          000000
__HbssBANK0                 bssBANK0     000000
__HbssBANK1                 bssBANK1     000000
__HbssCOMRAM                bssCOMRAM    000000
__Hcinit                    cinit        000000
__Hclrtext                  clrtext      000000
__Hcomram                   comram       000000
__Hconfig                   config       30000E
__Hconst                    const        000000
__HcstackBANK0              cstackBANK0  000000
__HcstackCOMRAM             cstackCOMRAM 000000
__Hdata                     data         000000
__Heeprom_data              eeprom_data  000000
__Hfarbss                   farbss       000000
__Hfardata                  fardata      000000
__Hheap                     heap         000000
__Hibigdata                 ibigdata     000000
__Hidata                    idata        000000
__Hidloc                    idloc        200008
__Hifardata                 ifardata     000000
__Hinit                     init         008000
__Hintcode                  intcode      000008
__Hintcode_body             intcode_body 000000
__Hintcodelo                intcodelo    000018
__Hintentry                 intentry     000000
__Hintret                   intret       000000
__Hintsave_regs             intsave_regs 000000
__Hirdata                   irdata       000000
__Hmediumconst              mediumconst  000000
__HnvFARRAM                 nvFARRAM     000000
__Hnvbit                    nvbit        000000
__Hnvrram                   nvrram       000000
__Hparam                    rparam       000000
__Hpowerup                  powerup      000000
__Hram                      ram          000000
__Hramtop                   ramtop       000600
__Hrbit                     rbit         000000
__Hrbss                     rbss         000000
__Hrdata                    rdata        000000
__Hreset_vec                reset_vec    000004
__Hrparam                   rparam       000000
__Hsfr                      sfr          000000
__Hsivt_hi                  sivt_hi      000000
__Hsivt_lo                  sivt_lo      000018
__Hsmallconst               smallconst   000642
__Hspace_0                  (abs)        008000
__Hspace_1                  (abs)        000150
__Hspace_2                  (abs)        000000
__Hspace_4                  (abs)        60000E
__Hstack                    stack        000000
__Hstruct                   struct       000000
__Htemp                     temp         000000
__Htext                     text         000000
__Htext0                    text0        000000
__Htext1                    text1        000000
__Htext10                   text10       000000
__Htext11                   text11       000000
__Htext12                   text12       000000
__Htext13                   text13       000000
__Htext14                   text14       000000
__Htext15                   text15       000000
__Htext16                   text16       000000
__Htext17                   text17       000000
__Htext18                   text18       000000
__Htext19                   text19       000000
__Htext2                    text2        000000
__Htext20                   text20       000000
__Htext21                   text21       000000
__Htext22                   text22       000000
__Htext23                   text23       000000
__Htext24                   text24       000000
__Htext25                   text25       000000
__Htext26                   text26       000000
__Htext27                   text27       000000
__Htext28                   text28       000000
__Htext29                   text29       000000
__Htext3                    text3        000000
__Htext30                   text30       000000
__Htext31                   text31       000000
__Htext32                   text32       000000
__Htext33                   text33       000000
__Htext34                   text34       000000
__Htext35                   text35       000000
__Htext36                   text36       000000
__Htext37                   text37       000000
__Htext38                   text38       000000
__Htext4                    text4        000000
__Htext5                    text5        000000
__Htext6                    text6        000000
__Htext7                    text7        000000
__Htext8                    text8        000000
__Htext9                    text9        000000
__LRAM                      (abs)        000001
__L__absolute__             __absolute__ 000000
__Labs1                     abs1         000000
__Lbank0                    bank0        000000
__Lbank1                    bank1        000000
__Lbank2                    bank2        000000
__Lbank3                    bank3        000000
__Lbank4                    bank4        000000
__Lbank5                    bank5        000000
__Lbigbss                   bigbss       000000
__Lbigdata                  bigdata      000000
__Lbigram                   bigram       000000
__Lbigsfr                   bigsfr       000000
__Lbss                      bss          000000
__LbssBANK0                 bssBANK0     000000
__LbssBANK1                 bssBANK1     000000
__LbssCOMRAM                bssCOMRAM    000000
__Lcinit                    cinit        000000
__Lclrtext                  clrtext      000000
__Lcomram                   comram       000000
__Lconfig                   config       000000
__Lconst                    const        000000
__LcstackBANK0              cstackBANK0  000000
__LcstackCOMRAM             cstackCOMRAM 000000
__Ldata                     data         000000
__Leeprom_data              eeprom_data  000000
__Lfarbss                   farbss       000000
__Lfardata                  fardata      000000
__Lheap                     heap         000000
__Libigdata                 ibigdata     000000
__Lidata                    idata        000000
__Lidloc                    idloc        000000
__Lifardata                 ifardata     000000
__Linit                     init         007FFC
__Lintcode                  intcode      000008
__Lintcode_body             intcode_body 000000
__Lintcodelo                intcodelo    000018
__Lintentry                 intentry     000000
__Lintret                   intret       000000
__Lintsave_regs             intsave_regs 000000
__Lirdata                   irdata       000000
__Lmediumconst              mediumconst  000000
__LnvFARRAM                 nvFARRAM     000000
__Lnvbit                    nvbit        000000
__Lnvrram                   nvrram       000000
__Lparam                    rparam       000000
__Lpowerup                  powerup      000000
__Lram                      ram          000000
__Lramtop                   ramtop       000600
__Lrbit                     rbit         000000
__Lrbss                     rbss         000000
__Lrdata                    rdata        000000
__Lreset_vec                reset_vec    000000
__Lrparam                   rparam       000000
__Lsfr                      sfr          000000
__Lsivt_hi                  sivt_hi      000000
__Lsivt_lo                  sivt_lo      000018
__Lsmallconst               smallconst   000600
__Lspace_0                  (abs)        000000
__Lspace_1                  (abs)        000000
__Lspace_2                  (abs)        000000
__Lspace_4                  (abs)        000000
__Lstack                    stack        000000
__Lstruct                   struct       000000
__Ltemp                     temp         000000
__Ltext                     text         000000
__Ltext0                    text0        000000
__Ltext1                    text1        000000
__Ltext10                   text10       000000
__Ltext11                   text11       000000
__Ltext12                   text12       000000
__Ltext13                   text13       000000
__Ltext14                   text14       000000
__Ltext15                   text15       000000
__Ltext16                   text16       000000
__Ltext17                   text17       000000
__Ltext18                   text18       000000
__Ltext19                   text19       000000
__Ltext2                    text2        000000
__Ltext20                   text20       000000
__Ltext21                   text21       000000
__Ltext22                   text22       000000
__Ltext23                   text23       000000
__Ltext24                   text24       000000
__Ltext25                   text25       000000
__Ltext26                   text26       000000
__Ltext27                   text27       000000
__Ltext28                   text28       000000
__Ltext29                   text29       000000
__Ltext3                    text3        000000
__Ltext30                   text30       000000
__Ltext31                   text31       000000
__Ltext32                   text32       000000
__Ltext33                   text33       000000
__Ltext34                   text34       000000
__Ltext35                   text35       000000
__Ltext36                   text36       000000
__Ltext37                   text37       000000
__Ltext38                   text38       000000
__Ltext4                    text4        000000
__Ltext5                    text5        000000
__Ltext6                    text6        000000
__Ltext7                    text7        000000
__Ltext8                    text8        000000
__Ltext9                    text9        000000
__S0                        (abs)        008000
__S1                        (abs)        000150
__S4                        (abs)        000000
__S5                        (abs)        000000
___fladd                    text35       001026
___fladd@a                  cstackCOMRAM 00002C
___fladd@aexp               cstackCOMRAM 000035
___fladd@b                  cstackCOMRAM 000028
___fladd@bexp               cstackCOMRAM 000036
___fladd@grs                cstackCOMRAM 000037
___fladd@signs              cstackCOMRAM 000034
___fldiv                    text34       001902
___fldiv@a                  cstackCOMRAM 000013
___fldiv@aexp               cstackCOMRAM 000027
___fldiv@b                  cstackCOMRAM 00000F
___fldiv@bexp               cstackCOMRAM 000026
___fldiv@grs                cstackCOMRAM 000022
___fldiv@new_exp            cstackCOMRAM 000020
___fldiv@rem                cstackCOMRAM 00001B
___fldiv@sign               cstackCOMRAM 00001F
___fleq                     text20       002984
___fleq@ff1                 cstackCOMRAM 000001
___fleq@ff2                 cstackCOMRAM 000005
___flge                     text19       0026D8
___flge@ff1                 cstackCOMRAM 00001A
___flge@ff2                 cstackCOMRAM 00001E
___flmul                    text18       0014DC
___flmul@a                  cstackCOMRAM 000005
___flmul@aexp               cstackCOMRAM 000012
___flmul@b                  cstackCOMRAM 000001
___flmul@bexp               cstackCOMRAM 000013
___flmul@grs                cstackCOMRAM 00000E
___flmul@prod               cstackCOMRAM 000014
___flmul@sign               cstackCOMRAM 00000D
___flmul@temp               cstackCOMRAM 000018
___flneg                    text17       002F0A
___flneg@f1                 cstackCOMRAM 000001
___flsub                    text16       002D54
___flsub@a                  cstackCOMRAM 00003C
___flsub@b                  cstackCOMRAM 000038
___fltol                    text15       0025D2
___fltol@exp1               cstackCOMRAM 00000A
___fltol@f1                 cstackCOMRAM 000001
___fltol@sign1              cstackCOMRAM 000009
___fpclassifyf              text14       0027DC
___fpclassifyf@F465         bssBANK0     0000CC
___fpclassifyf@e            cstackCOMRAM 000009
___fpclassifyf@u            cstackCOMRAM 00000B
___fpclassifyf@x            cstackCOMRAM 000001
___heap_hi                  (abs)        000000
___heap_lo                  (abs)        000000
___inthi_sp                 stack        000000
___inthi_stack_hi           stack        000000
___inthi_stack_lo           stack        000000
___intlo_sp                 stack        000000
___intlo_stack_hi           stack        000000
___intlo_stack_lo           stack        000000
___param_bank               (abs)        000000
___rparam_used              (abs)        000001
___sp                       stack        000000
___stack_hi                 stack        000000
___stack_lo                 stack        000000
___xxtofl                   text33       002276
___xxtofl@arg               cstackCOMRAM 00000B
___xxtofl@exp               cstackCOMRAM 00000A
___xxtofl@sign              cstackCOMRAM 000009
___xxtofl@val               cstackCOMRAM 000001
__accesstop                 (abs)        000060
__activetblptr              (abs)        000002
__end_of_DHT11_Read_Byte    text38       002B44
__end_of_DHT11_Read_Data    text32       002276
__end_of_DHT11_Response     text37       002F6E
__end_of_DHT11_Start        text36       002F96
__end_of_I2C_Init_Master    text31       003020
__end_of_I2C_Start          text30       003048
__end_of_I2C_Stop           text29       003034
__end_of_I2C_Write          text28       002FF4
__end_of_Lcd_Clear          text26       00300A
__end_of_Lcd_Cmd            text27       002E5A
__end_of_Lcd_Init           text25       002D54
__end_of_Lcd_Set_Cursor     text24       002C60
__end_of_Lcd_Write_Char     text23       002E1A
__end_of_Lcd_Write_String   text22       002C08
__end_of_OSC_Init           text21       002FDA
__end_of___fladd            text35       0014DC
__end_of___fldiv            text34       001C92
__end_of___fleq             text20       002A2E
__end_of___flge             text19       0027DC
__end_of___flmul            text18       001902
__end_of___flneg            text17       002F42
__end_of___flsub            text16       002D9A
__end_of___fltol            text15       0026D8
__end_of___fpclassifyf      text14       0028DA
__end_of___xxtofl           text33       00242A
__end_of__initialization    cinit        002FB0
__end_of_efgtoa             text5        001026
__end_of_floorf             text13       001EA4
__end_of_fputc              text9        002984
__end_of_fputs              text8        002DDA
__end_of_labs               text12       002CB6
__end_of_main               text0        0025D2
__end_of_memcpy             text11       002D06
__end_of_pad                text7        002BAA
__end_of_putch              text10       00304A
__end_of_read_prec_or_width text4        002AD2
__end_of_sprintf            text1        002F0A
__end_of_strcpy             text6        002ED2
__end_of_vfpfcnvrt          text3        0020B0
__end_of_vfprintf           text2        002E98
__initialization            cinit        002F96
__mediumconst               smallconst   000600
__pbssBANK0                 bssBANK0     0000C8
__pbssBANK1                 bssBANK1     000100
__pbssCOMRAM                bssCOMRAM    00005E
__pcinit                    cinit        002F96
__pcstackBANK0              cstackBANK0  000060
__pcstackCOMRAM             cstackCOMRAM 000001
__psmallconst               smallconst   000600
__ptext0                    text0        00242A
__ptext1                    text1        002ED2
__ptext10                   text10       003048
__ptext11                   text11       002CB6
__ptext12                   text12       002C60
__ptext13                   text13       001C92
__ptext14                   text14       0027DC
__ptext15                   text15       0025D2
__ptext16                   text16       002D54
__ptext17                   text17       002F0A
__ptext18                   text18       0014DC
__ptext19                   text19       0026D8
__ptext2                    text2        002E5A
__ptext20                   text20       002984
__ptext21                   text21       002FBA
__ptext22                   text22       002BAA
__ptext23                   text23       002DDA
__ptext24                   text24       002C08
__ptext25                   text25       002D06
__ptext26                   text26       002FF4
__ptext27                   text27       002E1A
__ptext28                   text28       002FDA
__ptext29                   text29       003020
__ptext3                    text3        001EA4
__ptext30                   text30       003034
__ptext31                   text31       00300A
__ptext32                   text32       0020B0
__ptext33                   text33       002276
__ptext34                   text34       001902
__ptext35                   text35       001026
__ptext36                   text36       002F6E
__ptext37                   text37       002F42
__ptext38                   text38       002AD2
__ptext4                    text4        002A2E
__ptext5                    text5        000642
__ptext6                    text6        002E98
__ptext7                    text7        002B44
__ptext8                    text8        002D9A
__ptext9                    text9        0028DA
__ramtop                    ramtop       000600
__smallconst                smallconst   000600
_dbuf                       bssBANK1     000100
_efgtoa                     text5        000642
_efgtoa$1190                cstackBANK0  000066
_flags                      bssCOMRAM    00005E
_floorf                     text13       001C92
_fputc                      text9        0028DA
_fputs                      text8        002D9A
_labs                       text12       002C60
_main                       text0        00242A
_memcpy                     text11       002CB6
_pad                        text7        002B44
_prec                       bssBANK0     0000D2
_putch                      text10       003048
_read_prec_or_width         text4        002A2E
_sprintf                    text1        002ED2
_strcpy                     text6        002E98
_vfpfcnvrt                  text3        001EA4
_vfprintf                   text2        002E5A
_width                      bssBANK0     0000D0
efgtoa@c                    cstackCOMRAM 000045
efgtoa@d                    cstackBANK0  00006B
efgtoa@e                    cstackBANK0  00006F
efgtoa@f                    cstackCOMRAM 000041
efgtoa@fp                   cstackCOMRAM 000040
efgtoa@g                    cstackBANK0  000084
efgtoa@h                    cstackBANK0  000079
efgtoa@i                    cstackBANK0  000077
efgtoa@l                    cstackBANK0  00007D
efgtoa@m                    cstackBANK0  00006D
efgtoa@mode                 cstackBANK0  000069
efgtoa@n                    cstackBANK0  000082
efgtoa@ne                   cstackBANK0  000060
efgtoa@nmode                cstackBANK0  00006A
efgtoa@ou                   cstackBANK0  000073
efgtoa@p                    cstackBANK0  000062
efgtoa@pp                   cstackBANK0  000068
efgtoa@sign                 cstackBANK0  000081
efgtoa@t                    cstackBANK0  000064
efgtoa@u                    cstackBANK0  000088
efgtoa@w                    cstackBANK0  000071
end_of_initialization       cinit        002FB0
floorf@F521                 bssBANK0     0000C8
floorf@e                    cstackCOMRAM 000036
floorf@m                    cstackCOMRAM 000032
floorf@u                    cstackCOMRAM 000038
floorf@x                    cstackCOMRAM 000028
fputc@c                     cstackCOMRAM 000001
fputc@fp                    cstackCOMRAM 000003
fputs@c                     cstackCOMRAM 00000C
fputs@fp                    cstackCOMRAM 00000B
fputs@i                     cstackCOMRAM 00000D
fputs@s                     cstackCOMRAM 000009
intlevel0                   text         000000
intlevel1                   text         000000
intlevel2                   text         000000
intlevel3                   text         000000
isa$std                     (abs)        000001
isa$xinst                   (abs)        000000
labs@a                      cstackCOMRAM 000001
main@buf1                   cstackBANK0  0000AC
main@buf2                   cstackBANK0  000098
main@hum                    cstackBANK0  0000C4
main@temp                   cstackBANK0  0000C0
memcpy@d                    cstackCOMRAM 000007
memcpy@d1                   cstackCOMRAM 000001
memcpy@n                    cstackCOMRAM 000005
memcpy@s                    cstackCOMRAM 000009
memcpy@s1                   cstackCOMRAM 000003
memcpy@tmp                  cstackCOMRAM 00000B
pad@buf                     cstackCOMRAM 000010
pad@fp                      cstackCOMRAM 00000F
pad@i                       cstackCOMRAM 000015
pad@p                       cstackCOMRAM 000012
read_prec_or_width@ap       cstackCOMRAM 000002
read_prec_or_width@c        cstackCOMRAM 000005
read_prec_or_width@fmt      cstackCOMRAM 000001
read_prec_or_width@n        cstackCOMRAM 000006
sprintf@ap                  cstackBANK0  00008C
sprintf@f                   cstackBANK0  00008D
sprintf@fmt                 cstackCOMRAM 000057
sprintf@s                   cstackCOMRAM 000056
stackhi                     (abs)        000000
stacklo                     (abs)        000000
start                       init         007FFC
start_initialization        cinit        002F96
strcpy@d                    cstackCOMRAM 000005
strcpy@dest                 cstackCOMRAM 000001
strcpy@src                  cstackCOMRAM 000003
vfpfcnvrt@ap                cstackCOMRAM 00004A
vfpfcnvrt@c                 cstackCOMRAM 000050
vfpfcnvrt@convarg           cstackCOMRAM 00004C
vfpfcnvrt@cp                cstackCOMRAM 000051
vfpfcnvrt@fmt               cstackCOMRAM 000049
vfpfcnvrt@fp                cstackCOMRAM 000048
vfprintf@ap                 cstackCOMRAM 000054
vfprintf@cfmt               cstackCOMRAM 000055
vfprintf@fmt                cstackCOMRAM 000053
vfprintf@fp                 cstackCOMRAM 000052


MODULE INFORMATION

Module		Function		Class		Link	Load	Size
C:\Program Files\Microchip\xc8\v3.00\pic\sources\c99\common\flge.c
		___flge        		CODE           	26D8	0000	260

C:\Program Files\Microchip\xc8\v3.00\pic\sources\c99\common\flge.c estimated size: 260

11.c
		_main          		CODE           	242A	0000	424
		_OSC_Init      		CODE           	2FBA	0000	32

11.c estimated size: 456

C:\Program Files\Microchip\xc8\v3.00\pic\sources\c99\common\nf_fputc.c
		_fputc         		CODE           	28DA	0000	170

C:\Program Files\Microchip\xc8\v3.00\pic\sources\c99\common\nf_fputc.c estimated size: 170

C:\Program Files\Microchip\xc8\v3.00\pic\sources\c99\common\memcpy.c
		_memcpy        		CODE           	2CB6	0000	80

C:\Program Files\Microchip\xc8\v3.00\pic\sources\c99\common\memcpy.c estimated size: 80

C:\Program Files\Microchip\xc8\v3.00\pic\sources\c99\common\flneg.c
		___flneg       		CODE           	2F0A	0000	56

C:\Program Files\Microchip\xc8\v3.00\pic\sources\c99\common\flneg.c estimated size: 56

C:\Program Files\Microchip\xc8\v3.00\pic\sources\c99\common\__fpclassifyf.c
		___fpclassifyf 		CODE           	27DC	0000	254

C:\Program Files\Microchip\xc8\v3.00\pic\sources\c99\common\__fpclassifyf.c estimated size: 254

C:\Program Files\Microchip\xc8\v3.00\pic\sources\c99\common\nf_sprintf.c
		_sprintf       		CODE           	2ED2	0000	56

C:\Program Files\Microchip\xc8\v3.00\pic\sources\c99\common\nf_sprintf.c estimated size: 56

i2c.c
		_I2C_Init_Master		CODE           	300A	0000	22
		_I2C_Write     		CODE           	2FDA	0000	26
		_I2C_Stop      		CODE           	3020	0000	20
		_I2C_Start     		CODE           	3034	0000	20

i2c.c estimated size: 88

lcd_i2c.c
		_Lcd_Write_String		CODE           	2BAA	0000	94
		_Lcd_Init      		CODE           	2D06	0000	78
		_Lcd_Write_Char		CODE           	2DDA	0000	64
		_Lcd_Cmd       		CODE           	2E1A	0000	64
		_Lcd_Set_Cursor		CODE           	2C08	0000	88
		_Lcd_Clear     		CODE           	2FF4	0000	22

lcd_i2c.c estimated size: 410

C:\Program Files\Microchip\xc8\v3.00\pic\sources\c99\common\floorf.c
		_floorf        		CODE           	1C92	0000	530

C:\Program Files\Microchip\xc8\v3.00\pic\sources\c99\common\floorf.c estimated size: 530

C:\Program Files\Microchip\xc8\v3.00\pic\sources\c99\common\putch.c
		_putch         		CODE           	3048	0000	2

C:\Program Files\Microchip\xc8\v3.00\pic\sources\c99\common\putch.c estimated size: 2

C:\Program Files\Microchip\xc8\v3.00\pic\sources\c99\common\fleq.c
		___fleq        		CODE           	2984	0000	170

C:\Program Files\Microchip\xc8\v3.00\pic\sources\c99\common\fleq.c estimated size: 170

C:\Program Files\Microchip\xc8\v3.00\pic\sources\c99\common\sprcmul.c
		___flmul       		CODE           	14DC	0000	1062

C:\Program Files\Microchip\xc8\v3.00\pic\sources\c99\common\sprcmul.c estimated size: 1062

C:\Program Files\Microchip\xc8\v3.00\pic\sources\c99\common\sprcdiv.c
		___fldiv       		CODE           	1902	0000	912

C:\Program Files\Microchip\xc8\v3.00\pic\sources\c99\common\sprcdiv.c estimated size: 912

shared
		__initialization		CODE           	2F96	0000	26

shared estimated size: 26

C:\Program Files\Microchip\xc8\v3.00\pic\sources\c99\common\xxtofl.c
		___xxtofl      		CODE           	2276	0000	436

C:\Program Files\Microchip\xc8\v3.00\pic\sources\c99\common\xxtofl.c estimated size: 436

C:\Program Files\Microchip\xc8\v3.00\pic\sources\c99\common\nf_fputs.c
		_fputs         		CODE           	2D9A	0000	64

C:\Program Files\Microchip\xc8\v3.00\pic\sources\c99\common\nf_fputs.c estimated size: 64

C:\Program Files\Microchip\xc8\v3.00\pic\sources\c99\common\strcpy.c
		_strcpy        		CODE           	2E98	0000	58

C:\Program Files\Microchip\xc8\v3.00\pic\sources\c99\common\strcpy.c estimated size: 58

dht11.c
		_DHT11_Read_Data		CODE           	20B0	0000	454
		_DHT11_Read_Byte		CODE           	2AD2	0000	114
		_DHT11_Start   		CODE           	2F6E	0000	40
		_DHT11_Response		CODE           	2F42	0000	44

dht11.c estimated size: 652

C:\Program Files\Microchip\xc8\v3.00\pic\sources\c99\common\fltol.c
		___fltol       		CODE           	25D2	0000	262

C:\Program Files\Microchip\xc8\v3.00\pic\sources\c99\common\fltol.c estimated size: 262

C:\Program Files\Microchip\xc8\v3.00\pic\sources\c99\common\labs.c
		_labs          		CODE           	2C60	0000	86

C:\Program Files\Microchip\xc8\v3.00\pic\sources\c99\common\labs.c estimated size: 86

C:\Program Files\Microchip\xc8\v3.00\pic\sources\c99\common\doprnt.c
		_read_prec_or_width		CODE           	2A2E	0000	164
		_vfpfcnvrt     		CODE           	1EA4	0000	524
		_efgtoa        		CODE           	0642	0000	2532
		_pad           		CODE           	2B44	0000	102
		_vfprintf      		CODE           	2E5A	0000	62

C:\Program Files\Microchip\xc8\v3.00\pic\sources\c99\common\doprnt.c estimated size: 3384

C:\Program Files\Microchip\xc8\v3.00\pic\sources\c99\common\sprcadd.c
		___flsub       		CODE           	2D54	0000	70
		___fladd       		CODE           	1026	0000	1206

C:\Program Files\Microchip\xc8\v3.00\pic\sources\c99\common\sprcadd.c estimated size: 1276

